  Determining projects to restore...
C:\Program Files\dotnet\packs\Microsoft.Maui.Sdk\10.0.30\Sdk\BundledVersions.targets(75,5): warning MA002: Starting with .NET 8, setting  <UseMaui>true</UseMaui>  does not automatically include NuGet package references in your project.  Update your project by including this item:  <PackageReference Include="Microsoft.Maui.Controls" Version="10.0.30" />.  You can skip this warning by setting  <SkipValidateMauiImplicitPackageReferences>true</SkipValidateMauiImplicitPackageReferences>  in your project file. [C:\Users\smile\source\repos\VIGOR\VIGOR\VIGOR.MAUI\VIGOR.MAUI.csproj]
C:\Program Files\dotnet\packs\Microsoft.Maui.Sdk\10.0.30\Sdk\BundledVersions.targets(80,5): warning MA002: Starting with .NET 8, setting  <UseMaui>true</UseMaui>  does not automatically include NuGet package references in your project.  Update your project by including this item:  <PackageReference Include="Microsoft.AspNetCore.Components.WebView.Maui" Version="10.0.30" />.  You can skip this warning by setting  <SkipValidateMauiImplicitPackageReferences>true</SkipValidateMauiImplicitPackageReferences>  in your project file. [C:\Users\smile\source\repos\VIGOR\VIGOR\VIGOR.MAUI\VIGOR.MAUI.csproj]
C:\Program Files\dotnet\packs\Microsoft.Maui.Sdk\10.0.30\Sdk\BundledVersions.targets(95,5): warning MA002: Starting with .NET 8, setting  <UseMauiEssentials>true</UseMauiEssentials>  does not automatically include NuGet package references in your project.  Update your project by including this item:  <PackageReference Include="Microsoft.Maui.Essentials" Version="10.0.30" />.  You can skip this warning by setting  <SkipValidateMauiImplicitPackageReferences>true</SkipValidateMauiImplicitPackageReferences>  in your project file. [C:\Users\smile\source\repos\VIGOR\VIGOR\VIGOR.MAUI\VIGOR.MAUI.csproj]
  All projects are up-to-date for restore.
  VIGOR.Shared -> C:\Users\smile\source\repos\VIGOR\VIGOR\VIGOR.Shared\bin\Debug\net10.0\VIGOR.Shared.dll
C:\Program Files\dotnet\packs\Microsoft.Maui.Sdk\10.0.30\Sdk\BundledVersions.targets(75,5): warning MA002: Starting with .NET 8, setting  <UseMaui>true</UseMaui>  does not automatically include NuGet package references in your project.  Update your project by including this item:  <PackageReference Include="Microsoft.Maui.Controls" Version="10.0.30" />.  You can skip this warning by setting  <SkipValidateMauiImplicitPackageReferences>true</SkipValidateMauiImplicitPackageReferences>  in your project file. [C:\Users\smile\source\repos\VIGOR\VIGOR\VIGOR.MAUI\VIGOR.MAUI.csproj]
C:\Program Files\dotnet\packs\Microsoft.Maui.Sdk\10.0.30\Sdk\BundledVersions.targets(80,5): warning MA002: Starting with .NET 8, setting  <UseMaui>true</UseMaui>  does not automatically include NuGet package references in your project.  Update your project by including this item:  <PackageReference Include="Microsoft.AspNetCore.Components.WebView.Maui" Version="10.0.30" />.  You can skip this warning by setting  <SkipValidateMauiImplicitPackageReferences>true</SkipValidateMauiImplicitPackageReferences>  in your project file. [C:\Users\smile\source\repos\VIGOR\VIGOR\VIGOR.MAUI\VIGOR.MAUI.csproj]
C:\Program Files\dotnet\packs\Microsoft.Maui.Sdk\10.0.30\Sdk\BundledVersions.targets(95,5): warning MA002: Starting with .NET 8, setting  <UseMauiEssentials>true</UseMauiEssentials>  does not automatically include NuGet package references in your project.  Update your project by including this item:  <PackageReference Include="Microsoft.Maui.Essentials" Version="10.0.30" />.  You can skip this warning by setting  <SkipValidateMauiImplicitPackageReferences>true</SkipValidateMauiImplicitPackageReferences>  in your project file. [C:\Users\smile\source\repos\VIGOR\VIGOR\VIGOR.MAUI\VIGOR.MAUI.csproj]
  XAML source generation is enabled (MauiXamlInflator=SourceGen). This generates C# code from XAML at compile time for better performance. To disable, remove the MauiXamlInflator line from your .csproj file (reverts to configuration-based defaults: Runtime in Debug, XamlC in Release).
C:\Users\smile\source\repos\VIGOR\VIGOR\VIGOR.Web\Program.cs(146,78): error CS0029: Cannot implicitly convert type 'string' to 'VIGOR.Shared.Enums.CitizenStatus' [C:\Users\smile\source\repos\VIGOR\VIGOR\VIGOR.Web\VIGOR.Web.csproj]
C:\Users\smile\source\repos\VIGOR\VIGOR\VIGOR.Web\Program.cs(147,79): error CS0029: Cannot implicitly convert type 'string' to 'VIGOR.Shared.Enums.CitizenStatus' [C:\Users\smile\source\repos\VIGOR\VIGOR\VIGOR.Web\VIGOR.Web.csproj]
C:\Users\smile\source\repos\VIGOR\VIGOR\VIGOR.Web\Program.cs(148,77): error CS0029: Cannot implicitly convert type 'string' to 'VIGOR.Shared.Enums.CitizenStatus' [C:\Users\smile\source\repos\VIGOR\VIGOR\VIGOR.Web\VIGOR.Web.csproj]
C:\Users\smile\source\repos\VIGOR\VIGOR\VIGOR.Web\Program.cs(149,79): error CS0029: Cannot implicitly convert type 'string' to 'VIGOR.Shared.Enums.CitizenStatus' [C:\Users\smile\source\repos\VIGOR\VIGOR\VIGOR.Web\VIGOR.Web.csproj]
C:\Users\smile\source\repos\VIGOR\VIGOR\VIGOR.Web\Program.cs(150,80): error CS0029: Cannot implicitly convert type 'string' to 'VIGOR.Shared.Enums.CitizenStatus' [C:\Users\smile\source\repos\VIGOR\VIGOR\VIGOR.Web\VIGOR.Web.csproj]
  VIGOR.Web.Client -> C:\Users\smile\source\repos\VIGOR\VIGOR\VIGOR.Web.Client\bin\Debug\net10.0\VIGOR.Web.Client.dll
  VIGOR.Web.Client (Blazor output) -> C:\Users\smile\source\repos\VIGOR\VIGOR\VIGOR.Web.Client\bin\Debug\net10.0\wwwroot
  VIGOR.MAUI -> C:\Users\smile\source\repos\VIGOR\VIGOR\VIGOR.MAUI\bin\Debug\net10.0-windows10.0.19041.0\win-x64\VIGOR.MAUI.dll

Build FAILED.

C:\Program Files\dotnet\packs\Microsoft.Maui.Sdk\10.0.30\Sdk\BundledVersions.targets(75,5): warning MA002: Starting with .NET 8, setting  <UseMaui>true</UseMaui>  does not automatically include NuGet package references in your project.  Update your project by including this item:  <PackageReference Include="Microsoft.Maui.Controls" Version="10.0.30" />.  You can skip this warning by setting  <SkipValidateMauiImplicitPackageReferences>true</SkipValidateMauiImplicitPackageReferences>  in your project file. [C:\Users\smile\source\repos\VIGOR\VIGOR\VIGOR.MAUI\VIGOR.MAUI.csproj]
C:\Program Files\dotnet\packs\Microsoft.Maui.Sdk\10.0.30\Sdk\BundledVersions.targets(80,5): warning MA002: Starting with .NET 8, setting  <UseMaui>true</UseMaui>  does not automatically include NuGet package references in your project.  Update your project by including this item:  <PackageReference Include="Microsoft.AspNetCore.Components.WebView.Maui" Version="10.0.30" />.  You can skip this warning by setting  <SkipValidateMauiImplicitPackageReferences>true</SkipValidateMauiImplicitPackageReferences>  in your project file. [C:\Users\smile\source\repos\VIGOR\VIGOR\VIGOR.MAUI\VIGOR.MAUI.csproj]
C:\Program Files\dotnet\packs\Microsoft.Maui.Sdk\10.0.30\Sdk\BundledVersions.targets(95,5): warning MA002: Starting with .NET 8, setting  <UseMauiEssentials>true</UseMauiEssentials>  does not automatically include NuGet package references in your project.  Update your project by including this item:  <PackageReference Include="Microsoft.Maui.Essentials" Version="10.0.30" />.  You can skip this warning by setting  <SkipValidateMauiImplicitPackageReferences>true</SkipValidateMauiImplicitPackageReferences>  in your project file. [C:\Users\smile\source\repos\VIGOR\VIGOR\VIGOR.MAUI\VIGOR.MAUI.csproj]
C:\Program Files\dotnet\packs\Microsoft.Maui.Sdk\10.0.30\Sdk\BundledVersions.targets(75,5): warning MA002: Starting with .NET 8, setting  <UseMaui>true</UseMaui>  does not automatically include NuGet package references in your project.  Update your project by including this item:  <PackageReference Include="Microsoft.Maui.Controls" Version="10.0.30" />.  You can skip this warning by setting  <SkipValidateMauiImplicitPackageReferences>true</SkipValidateMauiImplicitPackageReferences>  in your project file. [C:\Users\smile\source\repos\VIGOR\VIGOR\VIGOR.MAUI\VIGOR.MAUI.csproj]
C:\Program Files\dotnet\packs\Microsoft.Maui.Sdk\10.0.30\Sdk\BundledVersions.targets(80,5): warning MA002: Starting with .NET 8, setting  <UseMaui>true</UseMaui>  does not automatically include NuGet package references in your project.  Update your project by including this item:  <PackageReference Include="Microsoft.AspNetCore.Components.WebView.Maui" Version="10.0.30" />.  You can skip this warning by setting  <SkipValidateMauiImplicitPackageReferences>true</SkipValidateMauiImplicitPackageReferences>  in your project file. [C:\Users\smile\source\repos\VIGOR\VIGOR\VIGOR.MAUI\VIGOR.MAUI.csproj]
C:\Program Files\dotnet\packs\Microsoft.Maui.Sdk\10.0.30\Sdk\BundledVersions.targets(95,5): warning MA002: Starting with .NET 8, setting  <UseMauiEssentials>true</UseMauiEssentials>  does not automatically include NuGet package references in your project.  Update your project by including this item:  <PackageReference Include="Microsoft.Maui.Essentials" Version="10.0.30" />.  You can skip this warning by setting  <SkipValidateMauiImplicitPackageReferences>true</SkipValidateMauiImplicitPackageReferences>  in your project file. [C:\Users\smile\source\repos\VIGOR\VIGOR\VIGOR.MAUI\VIGOR.MAUI.csproj]
C:\Users\smile\source\repos\VIGOR\VIGOR\VIGOR.Web\Program.cs(146,78): error CS0029: Cannot implicitly convert type 'string' to 'VIGOR.Shared.Enums.CitizenStatus' [C:\Users\smile\source\repos\VIGOR\VIGOR\VIGOR.Web\VIGOR.Web.csproj]
C:\Users\smile\source\repos\VIGOR\VIGOR\VIGOR.Web\Program.cs(147,79): error CS0029: Cannot implicitly convert type 'string' to 'VIGOR.Shared.Enums.CitizenStatus' [C:\Users\smile\source\repos\VIGOR\VIGOR\VIGOR.Web\VIGOR.Web.csproj]
C:\Users\smile\source\repos\VIGOR\VIGOR\VIGOR.Web\Program.cs(148,77): error CS0029: Cannot implicitly convert type 'string' to 'VIGOR.Shared.Enums.CitizenStatus' [C:\Users\smile\source\repos\VIGOR\VIGOR\VIGOR.Web\VIGOR.Web.csproj]
C:\Users\smile\source\repos\VIGOR\VIGOR\VIGOR.Web\Program.cs(149,79): error CS0029: Cannot implicitly convert type 'string' to 'VIGOR.Shared.Enums.CitizenStatus' [C:\Users\smile\source\repos\VIGOR\VIGOR\VIGOR.Web\VIGOR.Web.csproj]
C:\Users\smile\source\repos\VIGOR\VIGOR\VIGOR.Web\Program.cs(150,80): error CS0029: Cannot implicitly convert type 'string' to 'VIGOR.Shared.Enums.CitizenStatus' [C:\Users\smile\source\repos\VIGOR\VIGOR\VIGOR.Web\VIGOR.Web.csproj]
    6 Warning(s)
    5 Error(s)

Time Elapsed 00:00:04.89
