  Determining projects to restore...
C:\Program Files\dotnet\packs\Microsoft.Maui.Sdk\10.0.30\Sdk\BundledVersions.targets(75,5): warning MA002: Starting with .NET 8, setting  <UseMaui>true</UseMaui>  does not automatically include NuGet package references in your project.  Update your project by including this item:  <PackageReference Include="Microsoft.Maui.Controls" Version="10.0.30" />.  You can skip this warning by setting  <SkipValidateMauiImplicitPackageReferences>true</SkipValidateMauiImplicitPackageReferences>  in your project file. [C:\Users\smile\source\repos\VIGOR\VIGOR\VIGOR.MAUI\VIGOR.MAUI.csproj]
C:\Program Files\dotnet\packs\Microsoft.Maui.Sdk\10.0.30\Sdk\BundledVersions.targets(80,5): warning MA002: Starting with .NET 8, setting  <UseMaui>true</UseMaui>  does not automatically include NuGet package references in your project.  Update your project by including this item:  <PackageReference Include="Microsoft.AspNetCore.Components.WebView.Maui" Version="10.0.30" />.  You can skip this warning by setting  <SkipValidateMauiImplicitPackageReferences>true</SkipValidateMauiImplicitPackageReferences>  in your project file. [C:\Users\smile\source\repos\VIGOR\VIGOR\VIGOR.MAUI\VIGOR.MAUI.csproj]
C:\Program Files\dotnet\packs\Microsoft.Maui.Sdk\10.0.30\Sdk\BundledVersions.targets(95,5): warning MA002: Starting with .NET 8, setting  <UseMauiEssentials>true</UseMauiEssentials>  does not automatically include NuGet package references in your project.  Update your project by including this item:  <PackageReference Include="Microsoft.Maui.Essentials" Version="10.0.30" />.  You can skip this warning by setting  <SkipValidateMauiImplicitPackageReferences>true</SkipValidateMauiImplicitPackageReferences>  in your project file. [C:\Users\smile\source\repos\VIGOR\VIGOR\VIGOR.MAUI\VIGOR.MAUI.csproj]
  All projects are up-to-date for restore.
  VIGOR.Shared -> C:\Users\smile\source\repos\VIGOR\VIGOR\VIGOR.Shared\bin\Debug\net10.0\VIGOR.Shared.dll
  VIGOR.Web -> C:\Users\smile\source\repos\VIGOR\VIGOR\VIGOR.Web\bin\Debug\net10.0\VIGOR.Web.dll
  VIGOR.UnitTests -> C:\Users\smile\source\repos\VIGOR\VIGOR\VIGOR.UnitTests\bin\Debug\net10.0-windows10.0.19041.0\VIGOR.UnitTests.dll
Test run for C:\Users\smile\source\repos\VIGOR\VIGOR\VIGOR.UnitTests\bin\Debug\net10.0-windows10.0.19041.0\VIGOR.UnitTests.dll (.NETCoreApp,Version=v10.0)
VSTest version 18.0.1 (x64)

Starting test execution, please wait...
A total of 1 test files matched the specified pattern.

Passed!  - Failed:     0, Passed:    24, Skipped:     0, Total:    24, Duration: 1 s - VIGOR.UnitTests.dll (net10.0)
